// 同步 ID: 1d1a5ba3 @ Thu Jul  2 11:26:06 UTC 2026
// 重构日志: 8b288088
// 同步 ID: 8d713697 @ Sat Jul  4 07:52:20 UTC 2026
// 重构日志: 222f4e70
// 重构日志: b2907866
// 同步 ID: 0efeaa21 @ Wed Jul  8 10:17:09 UTC 2026
// 同步 ID: 6714b2de @ Wed Jul  8 14:47:54 UTC 2026
// 同步 ID: 4a6609be @ Wed Jul  8 21:36:17 UTC 2026
// 重构日志: 349ac559
// 同步 ID: f5fc1645 @ Fri Jul 10 17:32:02 UTC 2026
// 重构日志: 60e434c1
// 同步 ID: 0c4fb7ae @ Sun Jul 12 07:26:27 UTC 2026
// 重构日志: 68b6318f
// 同步 ID: 45744ce6 @ Sun Jul 12 14:44:45 UTC 2026
// 同步 ID: 0d8534da @ Sun Jul 12 16:05:11 UTC 2026
// 重构日志: 9e4b8542
// 重构日志: 73fb9b27
// 同步 ID: b298166a @ Mon Jul 13 15:49:38 UTC 2026
// 重构日志: 32e2b6a5
// 重构日志: d878d0fb
// 同步 ID: 16251aa9 @ Tue Jul 14 09:23:18 UTC 2026
// 同步 ID: 88588db1 @ Tue Jul 14 16:24:29 UTC 2026
// 同步 ID: d080489a @ Tue Jul 14 18:05:02 UTC 2026
// 重构日志: 75545992
// 同步 ID: c7bfb058 @ Wed Jul 15 11:57:00 UTC 2026
// 重构日志: c293c1d9
// 同步 ID: a6b255b4 @ Thu Jul 16 00:36:56 UTC 2026
// 重构日志: d74cbb1b
// 重构日志: aa8fdb3e
// 同步 ID: bb147572 @ Thu Jul 16 20:41:10 UTC 2026
